error TS6305: Output file 'C:/Users/jsfab/Downloads/sushiflow/vite.config.d.ts' has not been built from source file 'C:/Users/jsfab/Downloads/sushiflow/vite.config.ts'.
  The file is in the program because:
    Matched by include pattern 'vite.config.ts' in 'C:/Users/jsfab/Downloads/sushiflow/tsconfig.json'
